------------------------------------------------------------
TimeQuest Timing Analyzer Summary
------------------------------------------------------------

Type  : Slow 1100mV 85C Model Setup 'CLOCK_50'
Slack : -4.622
TNS   : -77.298

Type  : Slow 1100mV 85C Model Hold 'CLOCK_50'
Slack : 0.229
TNS   : 0.000

Type  : Slow 1100mV 85C Model Minimum Pulse Width 'CLOCK_50'
Slack : -0.394
TNS   : -17.921

Type  : Slow 1100mV 0C Model Setup 'CLOCK_50'
Slack : -4.673
TNS   : -77.285

Type  : Slow 1100mV 0C Model Hold 'CLOCK_50'
Slack : 0.210
TNS   : 0.000

Type  : Slow 1100mV 0C Model Minimum Pulse Width 'CLOCK_50'
Slack : -0.394
TNS   : -18.763

Type  : Fast 1100mV 85C Model Setup 'CLOCK_50'
Slack : -2.164
TNS   : -32.700

Type  : Fast 1100mV 85C Model Hold 'CLOCK_50'
Slack : 0.137
TNS   : 0.000

Type  : Fast 1100mV 85C Model Minimum Pulse Width 'CLOCK_50'
Slack : -0.094
TNS   : -3.138

Type  : Fast 1100mV 0C Model Setup 'CLOCK_50'
Slack : -1.969
TNS   : -29.720

Type  : Fast 1100mV 0C Model Hold 'CLOCK_50'
Slack : 0.123
TNS   : 0.000

Type  : Fast 1100mV 0C Model Minimum Pulse Width 'CLOCK_50'
Slack : -0.092
TNS   : -3.088

------------------------------------------------------------
